<!doctype html>
<html>
  <head>
    <style>.inline { display: inline !important
} .table { display: table !important
} .contents { display: contents !important
} .transform { transform: translate(var(--tw-translate-x), var(--tw-translate-y)) rotate(var(--tw-rotate)) skewX(var(--tw-skew-x)) skewY(var(--tw-skew-y)) scaleX(var(--tw-scale-x)) scaleY(var(--tw-scale-y)) !important
} .example { display: none
}</style>
  </head>
  <body>
    <div>test</div>
  </body>
</html>
