<style>
      div {
    width: 100%
}
@media (min-width: 640px) {
    div {
        max-width: 640px
    }
}
@media (min-width: 768px) {
    div {
        max-width: 768px
    }
}
@media (min-width: 1024px) {
    div {
        max-width: 1024px
    }
}
@media (min-width: 1280px) {
    div {
        max-width: 1280px
    }
}
@media (min-width: 1536px) {
    div {
        max-width: 1536px
    }
}
div {
    display: none
}
    </style>
