<!doctype html>
<html>
<head>
  <title>test></title>
</head>
<body>
  <div>build_production</div>
</body>
</html>
